[    0.000000] Linux version 4.15.0-91-generic (buildd@lgw01-amd64-013) (gcc version 7.4.0 (Ubuntu 7.4.0-1ubuntu1~18.04.1)) #92-Ubuntu SMP Fri Feb 28 11:09:48 UTC 2020 (Ubuntu 4.15.0-91.92-generic 4.15.18)
[    0.000000] Command line: BOOT_IMAGE=/boot/vmlinuz-4.15.0-91-generic root=UUID=3da6bf64-cf52-431a-bef5-df57b003f2a4 ro console=tty1 console=ttyS0
[    0.000000] KERNEL supported cpus:
[    0.000000]   Intel GenuineIntel
[    0.000000]   AMD AuthenticAMD
[    0.000000]   Centaur CentaurHauls
[    0.000000] x86/fpu: Supporting XSAVE feature 0x001: 'x87 floating point registers'
[    0.000000] x86/fpu: Supporting XSAVE feature 0x002: 'SSE registers'
[    0.000000] x86/fpu: Supporting XSAVE feature 0x004: 'AVX registers'
[    0.000000] x86/fpu: xstate_offset[2]:  576, xstate_sizes[2]:  256
[    0.000000] x86/fpu: Enabled xstate features 0x7, context size is 832 bytes, using 'standard' format.
[    0.000000] e820: BIOS-provided physical RAM map:
[    0.000000] BIOS-e820: [mem 0x0000000000000000-0x000000000009fbff] usable
[    0.000000] BIOS-e820: [mem 0x000000000009fc00-0x000000000009ffff] reserved
[    0.000000] BIOS-e820: [mem 0x00000000000f0000-0x00000000000fffff] reserved
[    0.000000] BIOS-e820: [mem 0x0000000000100000-0x000000007ffeffff] usable
[    0.000000] BIOS-e820: [mem 0x000000007fff0000-0x000000007fffffff] ACPI data
[    0.000000] BIOS-e820: [mem 0x00000000fec00000-0x00000000fec00fff] reserved
[    0.000000] BIOS-e820: [mem 0x00000000fee00000-0x00000000fee00fff] reserved
[    0.000000] BIOS-e820: [mem 0x00000000fffc0000-0x00000000ffffffff] reserved
[    0.000000] NX (Execute Disable) protection: active
[    0.000000] SMBIOS 2.5 present.
[    0.000000] DMI: innotek GmbH VirtualBox/VirtualBox, BIOS VirtualBox 12/01/2006
[    0.000000] Hypervisor detected: KVM
[    0.000000] e820: last_pfn = 0x7fff0 max_arch_pfn = 0x400000000
[    0.000000] MTRR: Disabled
[    0.000000] x86/PAT: MTRRs disabled, skipping PAT initialization too.
[    0.000000] CPU MTRRs all blank - virtualized system.
[    0.000000] x86/PAT: Configuration [0-7]: WB  WT  UC- UC  WB  WT  UC- UC  
[    0.000000] found SMP MP-table at [mem 0x0009fff0-0x0009ffff]
[    0.000000] Scanning 1 areas for low memory corruption
[    0.000000] RAMDISK: [mem 0x35963000-0x36ca8fff]
[    0.000000] ACPI: Early table checksum verification disabled
[    0.000000] ACPI: RSDP 0x00000000000E0000 000024 (v02 VBOX  )
[    0.000000] ACPI: XSDT 0x000000007FFF0030 00003C (v01 VBOX   VBOXXSDT 00000001 ASL  00000061)
[    0.000000] ACPI: FACP 0x000000007FFF00F0 0000F4 (v04 VBOX   VBOXFACP 00000001 ASL  00000061)
[    0.000000] ACPI: DSDT 0x000000007FFF0480 0022EA (v02 VBOX   VBOXBIOS 00000002 INTL 20100528)
[    0.000000] ACPI: FACS 0x000000007FFF0200 000040
[    0.000000] ACPI: FACS 0x000000007FFF0200 000040
[    0.000000] ACPI: APIC 0x000000007FFF0240 00006C (v02 VBOX   VBOXAPIC 00000001 ASL  00000061)
[    0.000000] ACPI: SSDT 0x000000007FFF02B0 0001CC (v01 VBOX   VBOXCPUT 00000002 INTL 20100528)
[    0.000000] No NUMA configuration found
[    0.000000] Faking a node at [mem 0x0000000000000000-0x000000007ffeffff]
[    0.000000] NODE_DATA(0) allocated [mem 0x7ffc5000-0x7ffeffff]
[    0.000000] kvm-clock: cpu 0, msr 0:7ff44001, primary cpu clock
[    0.000000] kvm-clock: Using msrs 4b564d01 and 4b564d00
[    0.000000] kvm-clock: using sched offset of 10684120015 cycles
[    0.000000] clocksource: kvm-clock: mask: 0xffffffffffffffff max_cycles: 0x1cd42e4dffb, max_idle_ns: 881590591483 ns
[    0.000000] Zone ranges:
[    0.000000]   DMA      [mem 0x0000000000001000-0x0000000000ffffff]
[    0.000000]   DMA32    [mem 0x0000000001000000-0x000000007ffeffff]
[    0.000000]   Normal   empty
[    0.000000]   Device   empty
[    0.000000] Movable zone start for each node
[    0.000000] Early memory node ranges
[    0.000000]   node   0: [mem 0x0000000000001000-0x000000000009efff]
[    0.000000]   node   0: [mem 0x0000000000100000-0x000000007ffeffff]
[    0.000000] Reserved but unavailable: 98 pages
[    0.000000] Initmem setup node 0 [mem 0x0000000000001000-0x000000007ffeffff]
[    0.000000] ACPI: PM-Timer IO Port: 0x4008
[    0.000000] IOAPIC[0]: apic_id 4, version 32, address 0xfec00000, GSI 0-23
[    0.000000] ACPI: INT_SRC_OVR (bus 0 bus_irq 0 global_irq 2 dfl dfl)
[    0.000000] ACPI: INT_SRC_OVR (bus 0 bus_irq 9 global_irq 9 low level)
[    0.000000] Using ACPI (MADT) for SMP configuration information
[    0.000000] smpboot: Allowing 4 CPUs, 0 hotplug CPUs
[    0.000000] PM: Registered nosave memory: [mem 0x00000000-0x00000fff]
[    0.000000] PM: Registered nosave memory: [mem 0x0009f000-0x0009ffff]
[    0.000000] PM: Registered nosave memory: [mem 0x000a0000-0x000effff]
[    0.000000] PM: Registered nosave memory: [mem 0x000f0000-0x000fffff]
[    0.000000] e820: [mem 0x80000000-0xfebfffff] available for PCI devices
[    0.000000] Booting paravirtualized kernel on KVM
[    0.000000] clocksource: refined-jiffies: mask: 0xffffffff max_cycles: 0xffffffff, max_idle_ns: 7645519600211568 ns
[    0.000000] random: get_random_bytes called from start_kernel+0x99/0x4fd with crng_init=0
[    0.000000] setup_percpu: NR_CPUS:8192 nr_cpumask_bits:4 nr_cpu_ids:4 nr_node_ids:1
[    0.000000] percpu: Embedded 45 pages/cpu s147456 r8192 d28672 u524288
[    0.000000] PV qspinlock hash table entries: 256 (order: 0, 4096 bytes)
[    0.000000] Built 1 zonelists, mobility grouping on.  Total pages: 515961
[    0.000000] Policy zone: DMA32
[    0.000000] Kernel command line: BOOT_IMAGE=/boot/vmlinuz-4.15.0-91-generic root=UUID=3da6bf64-cf52-431a-bef5-df57b003f2a4 ro console=tty1 console=ttyS0
[    0.000000] Memory: 2014364K/2096696K available (12300K kernel code, 2481K rwdata, 4264K rodata, 2432K init, 2712K bss, 82332K reserved, 0K cma-reserved)
[    0.000000] SLUB: HWalign=64, Order=0-3, MinObjects=0, CPUs=4, Nodes=1
[    0.000000] Kernel/User page tables isolation: enabled
[    0.000000] ftrace: allocating 39347 entries in 154 pages
[    0.004000] Hierarchical RCU implementation.
[    0.004000] 	RCU restricting CPUs from NR_CPUS=8192 to nr_cpu_ids=4.
[    0.004000] 	Tasks RCU enabled.
[    0.004000] RCU: Adjusting geometry for rcu_fanout_leaf=16, nr_cpu_ids=4
[    0.004000] NR_IRQS: 524544, nr_irqs: 456, preallocated irqs: 16
[    0.004000] Console: colour VGA+ 80x25
[    0.004000] console [tty1] enabled
[    0.004000] console [ttyS0] enabled
[    0.004000] ACPI: Core revision 20170831
[    0.004000] ACPI: 2 ACPI AML tables successfully acquired and loaded
[    0.004000] APIC: Switch to symmetric I/O mode setup
[    0.004000] x2apic enabled
[    0.004012] Switched APIC routing to physical x2apic.
[    0.012000] ..TIMER: vector=0x30 apic1=0 pin1=2 apic2=-1 pin2=-1
[    0.012012] tsc: Detected 2194.918 MHz processor
[    0.016019] Calibrating delay loop (skipped) preset value.. 4389.83 BogoMIPS (lpj=8779672)
[    0.020008] pid_max: default: 32768 minimum: 301
[    0.024102] Security Framework initialized
[    0.028005] Yama: becoming mindful.
[    0.030565] AppArmor: AppArmor initialized
[    0.036410] Dentry cache hash table entries: 262144 (order: 9, 2097152 bytes)
[    0.044155] Inode-cache hash table entries: 131072 (order: 8, 1048576 bytes)
[    0.048063] Mount-cache hash table entries: 4096 (order: 3, 32768 bytes)
[    0.052164] Mountpoint-cache hash table entries: 4096 (order: 3, 32768 bytes)
[    0.057025] Last level iTLB entries: 4KB 64, 2MB 8, 4MB 8
[    0.060009] Last level dTLB entries: 4KB 64, 2MB 0, 4MB 0, 1GB 4
[    0.064010] Spectre V1 : Mitigation: usercopy/swapgs barriers and __user pointer sanitization
[    0.068012] Spectre V2 : Mitigation: Full generic retpoline
[    0.072007] Spectre V2 : Spectre v2 / SpectreRSB mitigation: Filling RSB on context switch
[    0.076006] Speculative Store Bypass: Vulnerable
[    0.080111] MDS: Vulnerable: Clear CPU buffers attempted, no microcode
[    0.084877] Freeing SMP alternatives memory: 36K
[    0.203549] smpboot: CPU0: Intel(R) Core(TM) i3-5020U CPU @ 2.20GHz (family: 0x6, model: 0x3d, stepping: 0x4)
[    0.204383] Performance Events: unsupported p6 CPU model 61 no PMU driver, software events only.
[    0.208121] Hierarchical SRCU implementation.
[    0.212000] NMI watchdog: Perf event create on CPU 0 failed with -2
[    0.212006] NMI watchdog: Perf NMI watchdog permanently disabled
[    0.216144] smp: Bringing up secondary CPUs ...
[    0.220318] x86: Booting SMP configuration:
[    0.224009] .... node  #0, CPUs:      #1
[    0.004000] kvm-clock: cpu 1, msr 0:7ff44041, secondary cpu clock
[    0.232240]  #2
[    0.004000] kvm-clock: cpu 2, msr 0:7ff44081, secondary cpu clock
[    0.240326]  #3
[    0.004000] kvm-clock: cpu 3, msr 0:7ff440c1, secondary cpu clock
[    0.247532] smp: Brought up 1 node, 4 CPUs
[    0.248010] smpboot: Max logical packages: 1
[    0.252031] smpboot: Total of 4 processors activated (17559.34 BogoMIPS)
[    0.256467] devtmpfs: initialized
[    0.260263] x86/mm: Memory block size: 128MB
[    0.264963] evm: security.selinux
[    0.268007] evm: security.SMACK64
[    0.270094] evm: security.SMACK64EXEC
[    0.272007] evm: security.SMACK64TRANSMUTE
[    0.276006] evm: security.SMACK64MMAP
[    0.278537] evm: security.apparmor
[    0.280006] evm: security.ima
[    0.282146] evm: security.capability
[    0.288029] clocksource: jiffies: mask: 0xffffffff max_cycles: 0xffffffff, max_idle_ns: 7645041785100000 ns
[    0.296047] futex hash table entries: 1024 (order: 4, 65536 bytes)
[    0.300273] pinctrl core: initialized pinctrl subsystem
[    0.308426] RTC time:  8:14:10, date: 04/02/20
[    0.308678] NET: Registered protocol family 16
[    0.312357] audit: initializing netlink subsys (disabled)
[    0.316079] audit: type=2000 audit(1585815263.178:1): state=initialized audit_enabled=0 res=1
[    0.320045] cpuidle: using governor ladder
[    0.324025] cpuidle: using governor menu
[    0.324266] ACPI: bus type PCI registered
[    0.327298] acpiphp: ACPI Hot Plug PCI Controller Driver version: 0.5
[    0.336008] PCI: Using configuration type 1 for base access
[    0.348123] HugeTLB registered 2.00 MiB page size, pre-allocated 0 pages
[    0.352430] ACPI: Added _OSI(Module Device)
[    0.355430] ACPI: Added _OSI(Processor Device)
[    0.360023] ACPI: Added _OSI(3.0 _SCP Extensions)
[    0.364014] ACPI: Added _OSI(Processor Aggregator Device)
[    0.367614] ACPI: Added _OSI(Linux-Dell-Video)
[    0.368019] ACPI: Added _OSI(Linux-Lenovo-NV-HDMI-Audio)
[    0.372013] ACPI: Added _OSI(Linux-HPI-Hybrid-Graphics)
[    0.376765] ACPI: Executed 1 blocks of module-level executable AML code
[    0.404702] ACPI: Interpreter enabled
[    0.407261] ACPI: (supports S0 S5)
[    0.412010] ACPI: Using IOAPIC for interrupt routing
[    0.417626] PCI: Using host bridge windows from ACPI; if necessary, use "pci=nocrs" and report a bug
[    0.424893] ACPI: Enabled 2 GPEs in block 00 to 07
[    0.467068] ACPI: PCI Root Bridge [PCI0] (domain 0000 [bus 00-ff])
[    0.472036] acpi PNP0A03:00: _OSC: OS supports [ASPM ClockPM Segments MSI]
[    0.479062] acpi PNP0A03:00: _OSC: not requesting OS control; OS requires [ExtendedConfig ASPM ClockPM MSI]
[    0.488058] acpi PNP0A03:00: fail to add MMCONFIG information, can't access extended PCI configuration space under this bridge.
[    0.501776] PCI host bridge to bus 0000:00
[    0.504019] pci_bus 0000:00: root bus resource [io  0x0000-0x0cf7 window]
[    0.508015] pci_bus 0000:00: root bus resource [io  0x0d00-0xffff window]
[    0.516014] pci_bus 0000:00: root bus resource [mem 0x000a0000-0x000bffff window]
[    0.520020] pci_bus 0000:00: root bus resource [mem 0x80000000-0xfdffffff window]
[    0.524017] pci_bus 0000:00: root bus resource [bus 00-ff]
[    0.536279] pci 0000:00:01.1: legacy IDE quirk: reg 0x10: [io  0x01f0-0x01f7]
[    0.540000] pci 0000:00:01.1: legacy IDE quirk: reg 0x14: [io  0x03f6]
[    0.548016] pci 0000:00:01.1: legacy IDE quirk: reg 0x18: [io  0x0170-0x0177]
[    0.552021] pci 0000:00:01.1: legacy IDE quirk: reg 0x1c: [io  0x0376]
[    0.657892] pci 0000:00:07.0: quirk: [io  0x4000-0x403f] claimed by PIIX4 ACPI
[    0.660057] pci 0000:00:07.0: quirk: [io  0x4100-0x410f] claimed by PIIX4 SMB
[    0.732089] ACPI: PCI Interrupt Link [LNKA] (IRQs 5 9 10 *11)
[    0.738010] ACPI: PCI Interrupt Link [LNKB] (IRQs 5 9 *10 11)
[    0.740614] ACPI: PCI Interrupt Link [LNKC] (IRQs 5 *9 10 11)
[    0.744608] ACPI: PCI Interrupt Link [LNKD] (IRQs 5 9 10 *11)
[    0.749762] SCSI subsystem initialized
[    0.752307] pci 0000:00:02.0: vgaarb: setting as boot VGA device
[    0.755996] pci 0000:00:02.0: vgaarb: VGA device added: decodes=io+mem,owns=io+mem,locks=none
[    0.756024] pci 0000:00:02.0: vgaarb: bridge control possible
[    0.760008] vgaarb: loaded
[    0.761999] ACPI: bus type USB registered
[    0.764154] usbcore: registered new interface driver usbfs
[    0.768077] usbcore: registered new interface driver hub
[    0.772023] usbcore: registered new device driver usb
[    0.776090] EDAC MC: Ver: 3.0.0
[    0.779150] PCI: Using ACPI for IRQ routing
[    0.781049] NetLabel: Initializing
[    0.784007] NetLabel:  domain hash size = 128
[    0.788007] NetLabel:  protocols = UNLABELED CIPSOv4 CALIPSO
[    0.792063] NetLabel:  unlabeled traffic allowed by default
[    0.801083] clocksource: Switched to clocksource kvm-clock
[    0.889147] VFS: Disk quotas dquot_6.6.0
[    0.892418] VFS: Dquot-cache hash table entries: 512 (order 0, 4096 bytes)
[    0.899102] AppArmor: AppArmor Filesystem Enabled
[    0.902262] pnp: PnP ACPI init
[    0.909663] pnp: PnP ACPI: found 3 devices
[    0.939824] clocksource: acpi_pm: mask: 0xffffff max_cycles: 0xffffff, max_idle_ns: 2085701024 ns
[    0.946132] NET: Registered protocol family 2
[    0.949815] TCP established hash table entries: 16384 (order: 5, 131072 bytes)
[    0.954962] TCP bind hash table entries: 16384 (order: 6, 262144 bytes)
[    0.960635] TCP: Hash tables configured (established 16384 bind 16384)
[    0.973086] UDP hash table entries: 1024 (order: 3, 32768 bytes)
[    0.980375] UDP-Lite hash table entries: 1024 (order: 3, 32768 bytes)
[    0.986547] NET: Registered protocol family 1
[    0.989616] pci 0000:00:00.0: Limiting direct PCI/PCI transfers
[    0.994311] pci 0000:00:01.0: Activating ISA DMA hang workarounds
[    0.998976] pci 0000:00:02.0: Video device with shadowed ROM at [mem 0x000c0000-0x000dffff]
[    1.006484] Unpacking initramfs...
[    2.298246] Freeing initrd memory: 19736K
[    2.301310] clocksource: tsc: mask: 0xffffffffffffffff max_cycles: 0x1fa37202099, max_idle_ns: 440795206796 ns
[    2.307961] platform rtc_cmos: registered platform RTC device (no PNP device found)
[    2.313090] Scanning for low memory corruption every 60 seconds
[    2.319365] Initialise system trusted keyrings
[    2.322633] Key type blacklist registered
[    2.325935] workingset: timestamp_bits=36 max_order=19 bucket_order=0
[    2.338580] zbud: loaded
[    2.342723] squashfs: version 4.0 (2009/01/31) Phillip Lougher
[    2.349152] fuse init (API version 7.26)
[    2.360815] Key type asymmetric registered
[    2.363405] Asymmetric key parser 'x509' registered
[    2.367796] Block layer SCSI generic (bsg) driver version 0.4 loaded (major 246)
[    2.372945] io scheduler noop registered
[    2.375718] io scheduler deadline registered
[    2.378951] io scheduler cfq registered (default)
[    2.384547] ACPI: AC Adapter [AC] (on-line)
[    2.388039] input: Power Button as /devices/LNXSYSTM:00/LNXPWRBN:00/input/input0
[    2.393948] ACPI: Power Button [PWRF]
[    2.397258] input: Sleep Button as /devices/LNXSYSTM:00/LNXSLPBN:00/input/input1
[    2.403240] ACPI: Sleep Button [SLPF]
[    2.408296] Serial: 8250/16550 driver, 32 ports, IRQ sharing enabled
[    2.411382] ACPI: Battery Slot [BAT0] (battery present)
[    2.438814] 00:02: ttyS0 at I/O 0x3f8 (irq = 4, base_baud = 115200) is a 16550A
[    2.459382] Linux agpgart interface v0.103
[    2.471692] loop: module loaded
[    2.477746] scsi host0: ata_piix
[    2.481514] scsi host1: ata_piix
[    2.486173] ata1: PATA max UDMA/33 cmd 0x1f0 ctl 0x3f6 bmdma 0xd000 irq 14
[    2.490522] ata2: PATA max UDMA/33 cmd 0x170 ctl 0x376 bmdma 0xd008 irq 15
[    2.495693] libphy: Fixed MDIO Bus: probed
[    2.499425] tun: Universal TUN/TAP device driver, 1.6
[    2.502902] PPP generic driver version 2.4.2
[    2.507125] ehci_hcd: USB 2.0 'Enhanced' Host Controller (EHCI) Driver
[    2.511468] ehci-pci: EHCI PCI platform driver
[    2.516659] ehci-platform: EHCI generic platform driver
[    2.519832] ohci_hcd: USB 1.1 'Open' Host Controller (OHCI) Driver
[    2.523920] ohci-pci: OHCI PCI platform driver
[    2.527080] ohci-platform: OHCI generic platform driver
[    2.530507] uhci_hcd: USB Universal Host Controller Interface driver
[    2.535329] i8042: PNP: PS/2 Controller [PNP0303:PS2K,PNP0f03:PS2M] at 0x60,0x64 irq 1,12
[    2.542059] serio: i8042 KBD port at 0x60,0x64 irq 1
[    2.545274] serio: i8042 AUX port at 0x60,0x64 irq 12
[    2.549062] mousedev: PS/2 mouse device common for all mice
[    2.554889] input: AT Translated Set 2 keyboard as /devices/platform/i8042/serio0/input/input2
[    2.562407] rtc_cmos rtc_cmos: rtc core: registered rtc_cmos as rtc0
[    2.568355] rtc_cmos rtc_cmos: alarms up to one day, 114 bytes nvram
[    2.572968] i2c /dev entries driver
[    2.575491] device-mapper: uevent: version 1.0.3
[    2.578871] device-mapper: ioctl: 4.37.0-ioctl (2017-09-20) initialised: dm-devel@redhat.com
[    2.585209] ledtrig-cpu: registered to indicate activity on CPUs
[    2.590659] NET: Registered protocol family 10
[    2.606339] Segment Routing with IPv6
[    2.608793] NET: Registered protocol family 17
[    2.611811] Key type dns_resolver registered
[    2.615849] mce: Using 0 MCE banks
[    2.619344] RAS: Correctable Errors collector initialized.
[    2.622930] sched_clock: Marking stable (2622873687, 0)->(3549616382, -926742695)
[    2.632910] registered taskstats version 1
[    2.635674] Loading compiled-in X.509 certificates
[    2.647297] Loaded X.509 cert 'Build time autogenerated kernel key: d019e8c5f4cbc828f6af43369f65a014a3a68371'
[    2.655306] zswap: loaded using pool lzo/zbud
[    2.674254] Key type big_key registered
[    2.676911] Key type trusted registered
[    2.686061] Key type encrypted registered
[    2.689816] AppArmor: AppArmor sha1 policy hashing enabled
[    2.693141] ima: No TPM chip found, activating TPM-bypass! (rc=-19)
[    2.697111] ima: Allocated hash algorithm: sha1
[    2.699926] evm: HMAC attrs: 0x1
[    2.703249]   Magic number: 0:152:219
[    2.706738] rtc_cmos rtc_cmos: setting system clock to 2020-04-02 08:14:13 UTC (1585815253)
[    2.713360] BIOS EDD facility v0.16 2004-Jun-25, 0 devices found
[    2.717685] EDD information not available.
[    2.742375] Freeing unused kernel image memory: 2432K
[    2.768808] Write protecting the kernel read-only data: 20480k
[    2.776196] Freeing unused kernel image memory: 2008K
[    2.781219] Freeing unused kernel image memory: 1880K
[    2.842670] x86/mm: Checked W+X mappings: passed, no W+X pages found.
[    2.846599] x86/mm: Checking user space page tables
[    2.907192] x86/mm: Checked W+X mappings: passed, no W+X pages found.
Loading, please wait...
starting version 237
[    3.133212] Fusion MPT base driver 3.04.20
[    3.139243] Copyright (c) 1999-2008 LSI Corporation
[    3.179844] e1000: Intel(R) PRO/1000 Network Driver - version 7.3.21-k8-NAPI
[    3.186095] e1000: Copyright (c) 1999-2006 Intel Corporation.
[    3.313076] AVX2 version of gcm_enc/dec engaged.
[    3.316578] AES CTR mode by8 optimization enabled
[    3.341803] Fusion MPT SPI Host driver 3.04.20
[    3.410434] input: ImExPS/2 Generic Explorer Mouse as /devices/platform/i8042/serio1/input/input4
[    4.258682] e1000 0000:00:03.0 eth0: (PCI:33MHz:32-bit) 02:63:41:f1:0e:ed
[    4.262875] e1000 0000:00:03.0 eth0: Intel(R) PRO/1000 Network Connection
[    4.271427] mptbase: ioc0: Initiating bringup
[    4.387419] ioc0: LSI53C1030 A0: Capabilities={Initiator}
[    5.387565] scsi host2: ioc0: LSI53C1030 A0, FwRev=00000000h, Ports=1, MaxQ=256, IRQ=20
[    6.279151] scsi 2:0:0:0: Direct-Access     VBOX     HARDDISK         1.0  PQ: 0 ANSI: 5
[    6.436167] scsi target2:0:0: Beginning Domain Validation
[    6.442672] scsi target2:0:0: Domain Validation skipping write tests
[    6.446454] scsi target2:0:0: Ending Domain Validation
[    6.449798] scsi target2:0:0: asynchronous
[    6.454814] scsi 2:0:1:0: Direct-Access     VBOX     HARDDISK         1.0  PQ: 0 ANSI: 5
[    7.280384] scsi target2:0:1: Beginning Domain Validation
[    7.283855] random: fast init done
[    7.288755] scsi target2:0:1: Domain Validation skipping write tests
[    7.292315] scsi target2:0:1: Ending Domain Validation
[    7.295651] scsi target2:0:1: asynchronous
[    7.310410] random: systemd-udevd: uninitialized urandom read (16 bytes read)
[    7.315030] random: systemd-udevd: uninitialized urandom read (16 bytes read)
[    7.315044] sd 2:0:0:0: Attached scsi generic sg0 type 0
[    7.319398] random: systemd-udevd: uninitialized urandom read (16 bytes read)
[    7.320474] e1000 0000:00:08.0 eth1: (PCI:33MHz:32-bit) 08:00:27:1b:bf:fb
[    7.320485] e1000 0000:00:08.0 eth1: Intel(R) PRO/1000 Network Connection
[    7.327286] e1000 0000:00:08.0 enp0s8: renamed from eth1
[    7.330232] sd 2:0:0:0: [sda] 20971520 512-byte logical blocks: (10.7 GB/10.0 GiB)
[    7.336672] sd 2:0:1:0: Attached scsi generic sg1 type 0
[    7.340562] sd 2:0:1:0: [sdb] 20480 512-byte logical blocks: (10.5 MB/10.0 MiB)
[    7.340746] sd 2:0:1:0: [sdb] Write Protect is off
[    7.342038] sd 2:0:1:0: [sdb] Incomplete mode parameter data
[    7.342108] sd 2:0:0:0: [sda] Write Protect is off
[    7.342503] sd 2:0:0:0: [sda] Incomplete mode parameter data
[    7.342508] sd 2:0:0:0: [sda] Assuming drive cache: write through
[    7.347570] e1000 0000:00:03.0 enp0s3: renamed from eth0
[    7.350473] sd 2:0:1:0: [sdb] Assuming drive cache: write through
[    7.387199]  sda: sda1
[    7.395982] sd 2:0:0:0: [sda] Attached SCSI disk
[    7.408140] sd 2:0:1:0: [sdb] Attached SCSI disk
Begin: Loading essential drivers ... [   10.340032] raid6: sse2x1   gen()  1677 MB/s
[   10.388776] raid6: sse2x1   xor()   989 MB/s
[   10.436627] raid6: sse2x2   gen()  3260 MB/s
[   10.484483] raid6: sse2x2   xor()  1735 MB/s
[   10.532324] raid6: sse2x4   gen()  4066 MB/s
[   10.580219] raid6: sse2x4   xor()  2377 MB/s
[   10.628155] raid6: avx2x1   gen()  3416 MB/s
[   10.676099] raid6: avx2x1   xor()  1610 MB/s
[   10.724660] raid6: avx2x2   gen()  4765 MB/s
[   10.774802] raid6: avx2x2   xor()  2625 MB/s
[   10.826212] raid6: avx2x4   gen()  5816 MB/s
[   10.877030] raid6: avx2x4   xor()  3819 MB/s
[   10.880204] raid6: using algorithm avx2x4 gen() 5816 MB/s
[   10.884039] raid6: .... xor() 3819 MB/s, rmw enabled
[   10.887493] raid6: using avx2x2 recovery algorithm
[   10.895525] xor: automatically using best checksumming function   avx       
[   10.903539] async_tx: api initialized (async)
done.
Begin: Running /scripts/init-premount ... done.
Begin: Mounting root file system ... Begin: Running /scripts/local-top ... done.
Begin: Running /scripts/local-premount ... [   11.070015] Btrfs loaded, crc32c=crc32c-intel
Scanning for Btrfs filesystems
done.
Warning: fsck not present, so skipping root file system
[   11.234798] EXT4-fs (sda1): mounted filesystem with ordered data mode. Opts: (null)
done.
Begin: Running /scripts/local-bottom ... done.
Begin: Running /scripts/init-bottom ... done.
[   12.720581] ip_tables: (C) 2000-2006 Netfilter Core Team
[   12.840374] systemd[1]: systemd 237 running in system mode. (+PAM +AUDIT +SELINUX +IMA +APPARMOR +SMACK +SYSVINIT +UTMP +LIBCRYPTSETUP +GCRYPT +GNUTLS +ACL +XZ +LZ4 +SECCOMP +BLKID +ELFUTILS +KMOD -IDN2 +IDN -PCRE2 default-hierarchy=hybrid)
[   12.856514] systemd[1]: Detected virtualization oracle.
[   12.860960] systemd[1]: Detected architecture x86-64.

Welcome to [1mUbuntu 18.04.4 LTS[0m!

[   12.925588] systemd[1]: Set hostname to <ubuntu-bionic>.
[   13.033656] random: crng init done
[   13.036121] random: 7 urandom warning(s) missed due to ratelimiting
[   18.232407] systemd[1]: Set up automount Arbitrary Executable File Formats File System Automount Point.
[[0;32m  OK  [0m] Set up automount Arbitrary Executabâ€¦rmats File System Automount Point.
[   18.248528] systemd[1]: Started Forward Password Requests to Wall Directory Watch.
[[0;32m  OK  [0m] Started Forward Password Requests to Wall Directory Watch.
[   18.268967] systemd[1]: Created slice System Slice.
[[0;32m  OK  [0m] Created slice System Slice.
[   18.274750] systemd[1]: Created slice system-serial\x2dgetty.slice.
[[0;32m  OK  [0m] Created slice system-serial\x2dgetty.slice.
[   18.279473] systemd[1]: Reached target System Time Synchronized.
[[0;32m  OK  [0m] Reached target System Time Synchronized.
[   18.285551] systemd[1]: Listening on Journal Audit Socket.
[[0;32m  OK  [0m] Listening on Journal Audit Socket.
[   18.291515] systemd[1]: Listening on LVM2 metadata daemon socket.
[[0;32m  OK  [0m] Listening on LVM2 metadata daemon socket.
[   18.298011] systemd[1]: Listening on Syslog Socket.
[[0;32m  OK  [0m] Listening on Syslog Socket.
[   18.302286] systemd[1]: Reached target Swap.
[[0;32m  OK  [0m] Reached target Swap.
[   18.306039] systemd[1]: Listening on /dev/initctl Compatibility Named Pipe.
[[0;32m  OK  [0m] Listening on /dev/initctl Compatibility Named Pipe.
[[0;32m  OK  [0m] Listening on LVM2 poll daemon socket.
[[0;32m  OK  [0m] Listening on Journal Socket.
         Starting Uncomplicated firewall...
         Mounting Huge Pages File System...
         Mounting POSIX Message Queue File System...
         Starting Remount Root and Kernel File Systems...
         Starting Create list of required stâ€¦ce nodes for the current kernel...
         Starting Set the console keyboard layout...
[[0;32m  OK  [0m] Listening on Device-mapper event daemon FIFOs.
         Starting Monitoring of LVM2 mirrorsâ€¦ng dmeventd or progress polling...
[[0;32m  OK  [0m] Listening on Journal Socket (/dev/log).
[[0;32m  OK  [0m] Created slice User and Session Slice.
[[0;32m  OK  [0m] Reached target Slices.
         Starting Load Kernel Modules...
[[0;32m  OK  [0m] Listening on udev Control Socket.
[[0;32m  OK  [0m] Listening on udev Kernel Socket.
[   18.700605] EXT4-fs (sda1): re-mounted. Opts: (null)
         Starting udev Coldplug all Devices...
[[0;32m  OK  [0m] Reached target User and Group Name Lookups.
         Mounting Kernel Debug File System...
[[0;32m  OK  [0m] Listening on Network Service Netlink Socket.
         Starting Journal Service...
[[0;32m  OK  [0m] Started Uncomplicated firewall.
[[0;32m  OK  [0m] Mounted Huge Pages File System.
[[0;32m  OK  [0m] Mounted POSIX Message Queue File System.
[[0;32m  OK  [0m] Started Remount Root and Kernel File Systems.
[[0;32m  OK  [0m] Started Create list of required staâ€¦vice nodes for the current kernel.
[[0;32m  OK  [0m] Mounted Kernel Debug File System.
         Starting Create Static Device Nodes in /dev...
         Starting Load/Save Random Seed...
[[0;32m  OK  [0m] Started udev Coldplug all Devices.
[[0;32m  OK  [0m] Started Load/Save Random Seed.
[[0;32m  OK  [0m] Started Journal Service.
         Starting Flush Journal to Persistent Storage...
[[0;32m  OK  [0m] Started Set the console keyboard layout.
[   19.640194] Loading iSCSI transport class v2.0-870.
[   19.756745] systemd-journald[452]: Received request to flush runtime journal from PID 1
[   20.019899] iscsi: registered transport (tcp)
[[0;32m  OK  [0m] Started Create Static Device Nodes in /dev.
         Starting udev Kernel Device Manager...
[[0;32m  OK  [0m] Started LVM2 metadata daemon.
[   20.916410] iscsi: registered transport (iser)
[[0;32m  OK  [0m] Started Load Kernel Modules.
         Mounting FUSE Control File System...
         Mounting Kernel Configuration File System...
         Starting Apply Kernel Variables...
[[0;32m  OK  [0m] Mounted FUSE Control File System.
[[0;32m  OK  [0m] Mounted Kernel Configuration File System.
[[0;32m  OK  [0m] Started Monitoring of LVM2 mirrors,â€¦sing dmeventd or progress polling.
[[0;32m  OK  [0m] Reached target Local File Systems (Pre).
[[0;32m  OK  [0m] Reached target Local File Systems.
         Starting AppArmor initialization...
         Starting Tell Plymouth To Write Out Runtime Data...
         Starting Set console font and keymap...
         Starting ebtables ruleset management...
[[0;32m  OK  [0m] Started Set console font and keymap.
[[0;32m  OK  [0m] Started Apply Kernel Variables.
[[0;32m  OK  [0m] Started Tell Plymouth To Write Out Runtime Data.
[[0;32m  OK  [0m] Started udev Kernel Device Manager.
[[0;32m  OK  [0m] Started Dispatch Password Requests to Console Directory Watch.
[[0;32m  OK  [0m] Reached target Local Encrypted Volumes.
[[0;32m  OK  [0m] Started ebtables ruleset management.
[[0;32m  OK  [0m] Found device /dev/ttyS0.
[[0;32m  OK  [0m] Listening on Load/Save RF Kill Switch Status /dev/rfkill Watch.
[[0;32m  OK  [0m] Started Flush Journal to Persistent Storage.
         Starting Create Volatile Files and Directories...
[[0;32m  OK  [0m] Started Create Volatile Files and Directories.
         Starting Update UTMP about System Boot/Shutdown...
[[0;32m  OK  [0m] Started Update UTMP about System Boot/Shutdown.
[[0;32m  OK  [0m] Started AppArmor initialization.
         Starting Initial cloud-init job (pre-networking)...
[   39.571551] cloud-init[597]: Cloud-init v. 19.4-33-gbb4131a2-0ubuntu1~18.04.1 running 'init-local' at Thu, 02 Apr 2020 08:14:48 +0000. Up 37.96 seconds.
[[0;32m  OK  [0m] Started Initial cloud-init job (pre-networking).
[[0;32m  OK  [0m] Reached target Network (Pre).
         Starting Network Service...
[[0;32m  OK  [0m] Started Network Service.
         Starting Network Name Resolution...
         Starting Wait for Network to be Configured...
[[0;32m  OK  [0m] Started Network Name Resolution.
[[0;32m  OK  [0m] Reached target Network.
[[0;32m  OK  [0m] Reached target Host and Network Name Lookups.
[[0;32m  OK  [0m] Started Wait for Network to be Configured.
         Starting Initial cloud-init job (metadata service crawler)...
[   44.253276] cloud-init[727]: Cloud-init v. 19.4-33-gbb4131a2-0ubuntu1~18.04.1 running 'init' at Thu, 02 Apr 2020 08:14:54 +0000. Up 43.56 seconds.
[   44.272809] cloud-init[727]: ci-info: ++++++++++++++++++++++++++++++++++++++Net device info+++++++++++++++++++++++++++++++++++++++
[   44.278425] cloud-init[727]: ci-info: +--------+------+-----------------------------+---------------+--------+-------------------+
[   44.282971] cloud-init[727]: ci-info: | Device |  Up  |           Address           |      Mask     | Scope  |     Hw-Address    |
[   44.289326] cloud-init[727]: ci-info: +--------+------+-----------------------------+---------------+--------+-------------------+
[   44.294165] cloud-init[727]: ci-info: | enp0s3 | True |          10.0.2.15          | 255.255.255.0 | global | 02:63:41:f1:0e:ed |
[   44.299122] cloud-init[727]: ci-info: | enp0s3 | True |  fe80::63:41ff:fef1:eed/64  |       .       |  link  | 02:63:41:f1:0e:ed |
[   44.304065] cloud-init[727]: ci-info: | enp0s8 | True |        192.168.33.11        | 255.255.255.0 | global | 08:00:27:1b:bf:fb |
[   44.316474] cloud-init[727]: ci-info: | enp0s8 | True | fe80::a00:27ff:fe1b:bffb/64 |       .       |  link  | 08:00:27:1b:bf:fb |
[   44.323380] cloud-init[727]: ci-info: |   lo   | True |          127.0.0.1          |   255.0.0.0   |  host  |         .         |
[   44.328601] cloud-init[727]: ci-info: |   lo   | True |           ::1/128           |       .       |  host  |         .         |
[   44.332998] cloud-init[727]: ci-info: +--------+------+-----------------------------+---------------+--------+-------------------+
[   44.340689] cloud-init[727]: ci-info: +++++++++++++++++++++++++++++Route IPv4 info+++++++++++++++++++++++++++++
[   44.346691] cloud-init[727]: ci-info: +-------+--------------+----------+-----------------+-----------+-------+
[   44.350493] cloud-init[727]: ci-info: | Route | Destination  | Gateway  |     Genmask     | Interface | Flags |
[   44.365228] cloud-init[727]: ci-info: +-------+--------------+----------+-----------------+-----------+-------+
[   44.370631] cloud-init[727]: ci-info: |   0   |   0.0.0.0    | 10.0.2.2 |     0.0.0.0     |   enp0s3  |   UG  |
[   44.378036] cloud-init[727]: ci-info: |   1   |   10.0.2.0   | 0.0.0.0  |  255.255.255.0  |   enp0s3  |   U   |
[   44.384035] cloud-init[727]: ci-info: |   2   |   10.0.2.2   | 0.0.0.0  | 255.255.255.255 |   enp0s3  |   UH  |
[   44.388282] cloud-init[727]: ci-info: |   3   | 192.168.33.0 | 0.0.0.0  |  255.255.255.0  |   enp0s8  |   U   |
[   44.392546] cloud-init[727]: ci-info: +-------+--------------+----------+-----------------+-----------+-------+
[   44.396567] cloud-init[727]: ci-info: +++++++++++++++++++Route IPv6 info+++++++++++++++++++
[   44.400021] cloud-init[727]: ci-info: +-------+-------------+---------+-----------+-------+
[   44.468510] cloud-init[727]: ci-info: | Route | Destination | Gateway | Interface | Flags |
[   44.480532] cloud-init[727]: ci-info: +-------+-------------+---------+-----------+-------+
[   44.492752] cloud-init[727]: ci-info: |   1   |  fe80::/64  |    ::   |   enp0s8  |   U   |
[   44.508922] cloud-init[727]: ci-info: |   2   |  fe80::/64  |    ::   |   enp0s3  |   U   |
[   44.513665] cloud-init[727]: ci-info: |   4   |    local    |    ::   |   enp0s3  |   U   |
[   44.517623] cloud-init[727]: ci-info: |   5   |    local    |    ::   |   enp0s8  |   U   |
[   44.521562] cloud-init[727]: ci-info: |   6   |   ff00::/8  |    ::   |   enp0s8  |   U   |
[   44.538220] cloud-init[727]: ci-info: |   7   |   ff00::/8  |    ::   |   enp0s3  |   U   |
[   44.541827] cloud-init[727]: ci-info: +-------+-------------+---------+-----------+-------+
[[0;32m  OK  [0m] Started Initial cloud-init job (metadata service crawler).
[[0;32m  OK  [0m] Reached target Cloud-config availability.
[[0;32m  OK  [0m] Reached target System Initialization.
[[0;32m  OK  [0m] Listening on Open-iSCSI iscsid Socket.
[[0;32m  OK  [0m] Listening on D-Bus System Message Bus Socket.
[[0;32m  OK  [0m] Listening on ACPID Listen Socket.
[[0;32m  OK  [0m] Started ACPI Events Check.
         Starting LXD - unix socket.
[[0;32m  OK  [0m] Started Discard unused blocks once a week.
[[0;32m  OK  [0m] Started Daily Cleanup of Temporary Directories.
[[0;32m  OK  [0m] Started Message of the Day.
[[0;32m  OK  [0m] Reached target Paths.
[[0;32m  OK  [0m] Started Clean PHP session files every 30 mins.
[[0;32m  OK  [0m] Started Daily apt download activities.
[[0;32m  OK  [0m] Started Daily apt upgrade and clean activities.
[[0;32m  OK  [0m] Reached target Timers.
         Starting Socket activation for snappy daemon.
[[0;32m  OK  [0m] Listening on UUID daemon activation socket.
[[0;32m  OK  [0m] Reached target Network is Online.
[[0;32m  OK  [0m] Reached target Remote File Systems (Pre).
[[0;32m  OK  [0m] Reached target Remote File Systems.
         Starting Availability of block devices...
[[0;32m  OK  [0m] Listening on LXD - unix socket.
[[0;32m  OK  [0m] Listening on Socket activation for snappy daemon.
[[0;32m  OK  [0m] Reached target Sockets.
[[0;32m  OK  [0m] Reached target Basic System.
         Starting Message of the Day...
[[0;32m  OK  [0m] Started Regular background program processing daemon.
         Starting Login Service...
         Starting Virtualbox guest utils...
         Starting Snappy daemon...
         Starting System Logging Service...
         Starting Permit User Sessions...
         Starting The Apache HTTP Server...
         Starting LSB: automatic crash report generation...
         Starting LXD - container startup/shutdown...
         Starting Dispatcher daemon for systemd-networkd...
[[0;32m  OK  [0m] Started irqbalance daemon.
[[0;32m  OK  [0m] Started Deferred execution scheduler.
         Starting OpenBSD Secure Shell server...
         Starting MySQL Community Server...
         Starting Clean php session files...
         Starting Accounts Service...
         Starting LSB: Record successful boot for GRUB...
[[0;32m  OK  [0m] Started FUSE filesystem for LXC.
[[0;32m  OK  [0m] Started D-Bus System Message Bus.
[[0;32m  OK  [0m] Started System Logging Service.
[[0;32m  OK  [0m] Started Availability of block devices.
[[0;32m  OK  [0m] Started Permit User Sessions.
[[0;32m  OK  [0m] Started Login Service.
[[0;32m  OK  [0m] Started Unattended Upgrades Shutdown.
         Starting Hold until boot process finishes up...
         Starting Terminate Plymouth Boot Screen...
[[0;32m  OK  [0m] Started Terminate Plymouth Boot Screen.
[[0;32m  OK  [0m] Started Hold until boot process finishes up.
         Starting Set console scheme...
[[0;32m  OK  [0m] Started Serial Getty on ttyS0.
[[0;32m  OK  [0m] Started LSB: automatic crash report generation.
[[0;32m  OK  [0m] Started Set console scheme.
[[0;32m  OK  [0m] Created slice system-getty.slice.
[[0;32m  OK  [0m] Started Getty on tty1.
[[0;32m  OK  [0m] Reached target Login Prompts.
         Starting Authorization Manager...
[[0;32m  OK  [0m] Started LSB: Record successful boot for GRUB.

Ubuntu 18.04.4 LTS ubuntu-bionic ttyS0

ubuntu-bionic login: [   95.613585] cloud-init[1506]: Cloud-init v. 19.4-33-gbb4131a2-0ubuntu1~18.04.1 running 'modules:config' at Thu, 02 Apr 2020 08:15:42 +0000. Up 91.70 seconds.
[  124.879451] cloud-init[2175]: Cloud-init v. 19.4-33-gbb4131a2-0ubuntu1~18.04.1 running 'modules:final' at Thu, 02 Apr 2020 08:16:15 +0000. Up 124.29 seconds.
[  124.880613] cloud-init[2175]: Cloud-init v. 19.4-33-gbb4131a2-0ubuntu1~18.04.1 finished at Thu, 02 Apr 2020 08:16:15 +0000. Datasource DataSourceNoCloud [seed=/dev/sdb][dsmode=net].  Up 124.85 seconds
         Stopping LSB: automatic crash report generation...
[[0;32m  OK  [0m] Stopped LSB: automatic crash report generation.
         Starting LSB: automatic crash report generation...
[[0;32m  OK  [0m] Started LSB: automatic crash report generation.
[[0;32m  OK  [0m] Started Daily apt upgrade and clean activities.
